Loading document from "C:\\Users\\Administrator\\Documents\\GitHub\\JSSoft3D\\Maps\\Gate.map"
Adding file system path "C:\\Users\\Administrator\\Desktop\\TrenchBroom\\defaults\\assets"
Adding file system path "C:\\Program Files (x86)\\Steam\\steamapps\\common\\Half-Life\\valve"
Found 0 shaders
Legacy model expressions are deprecated, replace with 'undefined' (at FileLocation{line: 666, column: 81})
Legacy model expressions are deprecated, replace with 'undefined' (at FileLocation{line: 739, column: 72})
Legacy model expressions are deprecated, replace with 'undefined' (at FileLocation{line: 1844, column: 70})
Legacy model expressions are deprecated, replace with 'undefined' (at FileLocation{line: 1850, column: 86})
Loaded entity definition file HalfLife.fgd
Found 0 shaders
Failed to load entity model 'lightbulb.spr': sprites\lightbulb.spr not found
Failed to load entity model 'speaker.spr': sprites\speaker.spr not found
Saving document to "C:\\Users\\Administrator\\Documents\\GitHub\\JSSoft3D\\Maps\\Gate.map"
Saved "C:\\Users\\Administrator\\Documents\\GitHub\\JSSoft3D\\Maps\\Gate.map" in 7ms
Saving document to "C:\\Users\\Administrator\\Documents\\GitHub\\JSSoft3D\\Maps\\Gate.map"
Saved "C:\\Users\\Administrator\\Documents\\GitHub\\JSSoft3D\\Maps\\Gate.map" in 7ms
Saving document to "C:\\Users\\Administrator\\Documents\\GitHub\\JSSoft3D\\Maps\\Gate.map"
Saved "C:\\Users\\Administrator\\Documents\\GitHub\\JSSoft3D\\Maps\\Gate.map" in 7ms
Saving document to "C:\\Users\\Administrator\\Documents\\GitHub\\JSSoft3D\\Maps\\Gate.map"
Saved "C:\\Users\\Administrator\\Documents\\GitHub\\JSSoft3D\\Maps\\Gate.map" in 7ms
Creating new document
Adding file system path "C:\\Users\\Administrator\\Desktop\\TrenchBroom\\defaults\\assets"
Adding file system path "C:\\Program Files (x86)\\Steam\\steamapps\\common\\Half-Life\\valve"
Found 0 shaders
Legacy model expressions are deprecated, replace with 'undefined' (at FileLocation{line: 666, column: 81})
Legacy model expressions are deprecated, replace with 'undefined' (at FileLocation{line: 739, column: 72})
Legacy model expressions are deprecated, replace with 'undefined' (at FileLocation{line: 1844, column: 70})
Legacy model expressions are deprecated, replace with 'undefined' (at FileLocation{line: 1850, column: 86})
Loaded entity definition file HalfLife.fgd
Found 0 shaders
Failed to load entity model 'speaker.spr': sprites\speaker.spr not found
Failed to load entity model 'lightbulb.spr': sprites\lightbulb.spr not found
Could not resize brush: Brush has invalid face
Saving document to "C:\\Users\\Administrator\\Documents\\GitHub\\JSSoft3D\\Maps\\rad.map"
Saved "C:\\Users\\Administrator\\Documents\\GitHub\\JSSoft3D\\Maps\\rad.map" in 11ms
Found 0 shaders
Saving document to "C:\\Users\\Administrator\\Documents\\GitHub\\JSSoft3D\\Maps\\rad.map"
Saved "C:\\Users\\Administrator\\Documents\\GitHub\\JSSoft3D\\Maps\\rad.map" in 6ms
Saving document to "C:\\Users\\Administrator\\Documents\\GitHub\\JSSoft3D\\Maps\\rad.map"
Saved "C:\\Users\\Administrator\\Documents\\GitHub\\JSSoft3D\\Maps\\rad.map" in 7ms
Saving document to "C:\\Users\\Administrator\\Documents\\GitHub\\JSSoft3D\\Maps\\rad.map"
Saved "C:\\Users\\Administrator\\Documents\\GitHub\\JSSoft3D\\Maps\\rad.map" in 6ms
Saving document to "C:\\Users\\Administrator\\Documents\\GitHub\\JSSoft3D\\Maps\\rad.map"
Saved "C:\\Users\\Administrator\\Documents\\GitHub\\JSSoft3D\\Maps\\rad.map" in 7ms
Saving document to "C:\\Users\\Administrator\\Documents\\GitHub\\JSSoft3D\\Maps\\rad.map"
Saved "C:\\Users\\Administrator\\Documents\\GitHub\\JSSoft3D\\Maps\\rad.map" in 6ms
Saving document to "C:\\Users\\Administrator\\Documents\\GitHub\\JSSoft3D\\Maps\\rad.map"
Saved "C:\\Users\\Administrator\\Documents\\GitHub\\JSSoft3D\\Maps\\rad.map" in 6ms
Saving document to "C:\\Users\\Administrator\\Documents\\GitHub\\JSSoft3D\\Maps\\autosave\\rad.1.map"
Created autosave backup at "C:\\Users\\Administrator\\Documents\\GitHub\\JSSoft3D\\Maps\\autosave\\rad.1.map"
Saving document to "C:\\Users\\Administrator\\Documents\\GitHub\\JSSoft3D\\Maps\\rad.map"
Saved "C:\\Users\\Administrator\\Documents\\GitHub\\JSSoft3D\\Maps\\rad.map" in 7ms
